../Core/Src/main.c:21:5:main	16	static
../Core/Src/main.c:60:6:SystemClock_Config	88	static
../Core/Src/main.c:104:13:MX_USART2_UART_Init	8	static
../Core/Src/main.c:123:13:MX_GPIO_Init	48	static
../Core/Src/main.c:147:6:vBlueLedControllerTask	24	static
../Core/Src/main.c:158:6:vRedLedControllerTask	24	static
../Core/Src/main.c:174:6:vGreenLedControllerTask	24	static
../Core/Src/main.c:184:5:__io_putchar	16	static
../Core/Src/main.c:190:6:HAL_TIM_PeriodElapsedCallback	16	static
../Core/Src/main.c:198:6:Error_Handler	4	static,ignoring_inline_asm
