../Core/Src/main.c:21:5:main	16	static
../Core/Src/main.c:65:6:SystemClock_Config	88	static
../Core/Src/main.c:109:13:MX_USART2_UART_Init	8	static
../Core/Src/main.c:128:13:MX_GPIO_Init	48	static
../Core/Src/main.c:152:5:__io_putchar	16	static
../Core/Src/main.c:159:5:uart2_write	16	static
../Core/Src/main.c:167:6:HAL_TIM_PeriodElapsedCallback	16	static
../Core/Src/main.c:175:6:SenderTask1	32	static
../Core/Src/main.c:192:6:SenderTask2	32	static
../Core/Src/main.c:209:6:ReceiverTask	32	static
../Core/Src/main.c:230:6:Error_Handler	4	static,ignoring_inline_asm
