../Drivers/CMSIS/Include/core_cm4.h:1688:22:__NVIC_EnableIRQ	16	static
../Drivers/CMSIS/Include/core_cm4.h:1816:22:__NVIC_SetPriority	16	static
../Core/Src/main.c:21:5:main	16	static
../Core/Src/main.c:47:6:start_rx_interrupt	8	static
../Core/Src/main.c:55:6:USART2_IRQHandler	16	static,ignoring_inline_asm
../Core/Src/main.c:72:6:HandlerTask	16	static
../Core/Src/main.c:84:6:SystemClock_Config	88	static
../Core/Src/main.c:128:13:MX_GPIO_Init	48	static
../Core/Src/main.c:147:6:HAL_TIM_PeriodElapsedCallback	16	static
../Core/Src/main.c:155:6:Error_Handler	4	static,ignoring_inline_asm
