../Core/Src/main.c:20:5:main	16	static
../Core/Src/main.c:59:6:SystemClock_Config	88	static
../Core/Src/main.c:103:13:MX_USART2_UART_Init	8	static
../Core/Src/main.c:122:13:MX_GPIO_Init	48	static
../Core/Src/main.c:146:6:vBlueLedControllerTask	16	static
../Core/Src/main.c:154:6:vRedLedControllerTask	16	static
../Core/Src/main.c:162:6:vGreenLedControllerTask	16	static
../Core/Src/main.c:170:5:__io_putchar	16	static
../Core/Src/main.c:176:6:HAL_TIM_PeriodElapsedCallback	16	static
../Core/Src/main.c:184:6:Error_Handler	4	static,ignoring_inline_asm
