../Core/Src/main.c:20:5:main	16	static
../Core/Src/main.c:45:6:SystemClock_Config	88	static
../Core/Src/main.c:89:13:MX_USART2_UART_Init	8	static
../Core/Src/main.c:108:13:MX_GPIO_Init	48	static
../Core/Src/main.c:132:6:vBlueLedControllerTask	24	static
../Core/Src/main.c:153:6:vRedLedControllerTask	16	static
../Core/Src/main.c:161:6:vGreenLedControllerTask	16	static
../Core/Src/main.c:169:5:__io_putchar	16	static
../Core/Src/main.c:175:6:HAL_TIM_PeriodElapsedCallback	16	static
../Core/Src/main.c:183:6:Error_Handler	4	static,ignoring_inline_asm
